#Academia Play
https://www.youtube.com/playlist?list=PLTg9oK7EhhS0NcNM_hLPFqdsWCcm_wpH_&hl=es&gl=PE
https://www.youtube.com/playlist?list=PLTg9oK7EhhS0TzeyCiFtHWAjAoEqXyqC8&hl=es&gl=PE
https://www.youtube.com/playlist?list=PLTg9oK7EhhS0HJlLCglBSVZ_CqquXFua0&hl=es&gl=PE
https://www.youtube.com/playlist?list=PLTg9oK7EhhS1OkttiFY7E634FR2Lr_tF3&hl=es&gl=PE
https://www.youtube.com/playlist?list=PLTg9oK7EhhS2jEV8I7IMo7VAyQECNdGCy&hl=es&gl=PE
https://www.youtube.com/playlist?list=PLTg9oK7EhhS0RccQ43mfT41PLWODcj7PN&hl=es&gl=PE
https://www.youtube.com/playlist?list=PLTg9oK7EhhS1jHvWBFVA-jDv_v5YjY6A3&hl=es&gl=PE
https://www.youtube.com/playlist?list=PLTg9oK7EhhS03lXi6Rys7oh4q90rnc3Lq&hl=es&gl=PE
https://www.youtube.com/playlist?list=PLTg9oK7EhhS1hmoUY-o1eg3FhFvIkrwBT&hl=es&gl=PE
https://www.youtube.com/playlist?list=PLTg9oK7EhhS0DJP5UNRXtBIXyl2uR2wn-&hl=es&gl=PE
https://www.youtube.com/playlist?list=PLTg9oK7EhhS1pWGyFtU49F8H_mpwoE78e&hl=es&gl=PE
https://www.youtube.com/playlist?list=PLTg9oK7EhhS2gqm9om4wOCM0ZDhN3aika&hl=es&gl=PE
https://www.youtube.com/playlist?list=PLTg9oK7EhhS1yiSMB_7_nh8IyhhOtH2O_&hl=es&gl=PE
https://www.youtube.com/playlist?list=PLTg9oK7EhhS1kUm_nWmF03KSQQOvdSQ0E&hl=es&gl=PE
https://www.youtube.com/playlist?list=PLTg9oK7EhhS0zWPM2sFfCbqv85bAzbCHN&hl=es&gl=PE
https://www.youtube.com/playlist?list=PLTg9oK7EhhS1uo8p8iNTR6OFmIf2r_NVo&hl=es&gl=PE
#Curiosamente
https://www.youtube.com/playlist?list=PLp4PFtsMaRqXBGFI1sqscLk20ItIh1ynd&hl=es&gl=PE
https://www.youtube.com/playlist?list=PLp4PFtsMaRqV3OWq02JkSd89T9VO8MzzT&hl=es&gl=PE
https://www.youtube.com/playlist?list=PLp4PFtsMaRqV96JqBNUFxdL-CbZ57FxVz&hl=es&gl=PE
#KhanAcademyES
https://www.youtube.com/playlist?list=PL2dWUhgFt1ynOkCnbn_kH7HXg3fxKMU2X&hl=es&gl=PE
https://www.youtube.com/playlist?list=PL2dWUhgFt1yns0e2XhLsEUOekNpXMiFvw&hl=es&gl=PE
https://www.youtube.com/playlist?list=PL2dWUhgFt1ymHLMdREEqHNWV5krsIu-Rp&hl=es&gl=PE
https://www.youtube.com/playlist?list=PL2dWUhgFt1ykcvsU2y3W8zVCeNIE4BQi0&hl=es&gl=PE
https://www.youtube.com/playlist?list=PL2dWUhgFt1ylmlCN-vPg4XV-NIt5g8lgW&hl=es&gl=PE
https://www.youtube.com/playlist?list=PL2dWUhgFt1yl9vdcmrziHNOZs7bOvvXwx&hl=es&gl=PE
https://www.youtube.com/playlist?list=PL2dWUhgFt1ym_6zOvCQiygQowYQRzPg3B&hl=es&gl=PE
https://www.youtube.com/playlist?list=PL2dWUhgFt1ynYTGJ42m4fjxTDKaVtdNzk&hl=es&gl=PE
https://www.youtube.com/playlist?list=PL2dWUhgFt1ynaOU5lRz3tJUo2g0gsEerD&hl=es&gl=PE
https://www.youtube.com/playlist?list=PL2dWUhgFt1ym_GExQAE17gOuySWDnSnql&hl=es&gl=PE
https://www.youtube.com/playlist?list=PL2dWUhgFt1yl4zg72_j1bxCrkqfq7eSOx&hl=es&gl=PE
https://www.youtube.com/playlist?list=PL2dWUhgFt1ym6hQJ2K5_GdPB75YW01O9L&hl=es&gl=PE
https://www.youtube.com/playlist?list=PL2dWUhgFt1ynvUhIK5tNBVcuGXVJax3bE&hl=es&gl=PE
https://www.youtube.com/playlist?list=PL2dWUhgFt1ymRkSzJ2xKhQD1OmqpqWaDq&hl=es&gl=PE
https://www.youtube.com/playlist?list=PL2dWUhgFt1ymGnWMzj2PI8BGT4oudeRDZ&hl=es&gl=PE
https://www.youtube.com/playlist?list=PL2dWUhgFt1ykgeO_iK8r__ZYoErN0s-I5&hl=es&gl=PE
https://www.youtube.com/playlist?list=PL2dWUhgFt1ynYkRnPERjm3ZamKkciFqTW&hl=es&gl=PE
https://www.youtube.com/playlist?list=PL2dWUhgFt1ykmKD07Q0P3Vp0j11iYkqmp&hl=es&gl=PE
https://www.youtube.com/playlist?list=PL2dWUhgFt1ylWbJqIz32FgcEZpcsyJHe2&hl=es&gl=PE
https://www.youtube.com/playlist?list=PL2dWUhgFt1ymSDONS07J_32x-leI8uae4&hl=es&gl=PE
https://www.youtube.com/playlist?list=PL2dWUhgFt1ykvyh3GOGebQ7IAfwPEtM_3&hl=es&gl=PE
https://www.youtube.com/playlist?list=PL2dWUhgFt1ykXRDxaOK00WQxZDbZZwFbd&hl=es&gl=PE
https://www.youtube.com/playlist?list=PL2dWUhgFt1ymK7_sqqzidUCXjMI0sqUMO&hl=es&gl=PE
https://www.youtube.com/playlist?list=PL2dWUhgFt1ymia2X-zcrxmW93IdpK29Z-&hl=es&gl=PE
https://www.youtube.com/playlist?list=PL2dWUhgFt1ynwFWwaMlZLM6cguygz4xcW&hl=es&gl=PE
https://www.youtube.com/playlist?list=PL2dWUhgFt1ylMW0rckuv_TEv-Hi2hYqki&hl=es&gl=PE
https://www.youtube.com/playlist?list=PL2dWUhgFt1yknbaJe7L6AIf04uqspvmfW&hl=es&gl=PE
https://www.youtube.com/playlist?list=PL2dWUhgFt1yloQrc5BJkkBNnsxKxMLOaV&hl=es&gl=PE
#TED Español
https://www.youtube.com/playlist?list=PL0IS0YyQ-bEnNosf8fPbcA3XPg8fim-Ug&hl=es&gl=PE
https://www.youtube.com/playlist?list=PL0IS0YyQ-bEm-mRdP6SzUy85BqIb27v8a&hl=es&gl=PE
#Hugox Chugox
https://www.youtube.com/playlist?list=PLiF77JXzXd2BqyuliLjb49h3qiJBFNZIn&hl=es&gl=PE
https://www.youtube.com/playlist?list=PLiF77JXzXd2BMcu3K9ibZoA9S5-8YUEaV&hl=es&gl=PE
https://www.youtube.com/playlist?list=PLiF77JXzXd2BLYPgLClIgKUW2UUN4zy4r&hl=es&gl=PE
https://www.youtube.com/playlist?list=PLiF77JXzXd2AxswKBI7CdPf2NpJDEcDhW&hl=es&gl=PE
https://www.youtube.com/playlist?list=PLiF77JXzXd2CBeHRR-upb669uYd0R-A4W&hl=es&gl=PE
https://www.youtube.com/playlist?list=PLiF77JXzXd2DkMkkv7vPtcQDYBNwHdHLw&hl=es&gl=PE
https://www.youtube.com/playlist?list=PLiF77JXzXd2DDf2vmn91lmxvNJ6GGGisf&hl=es&gl=PE
https://www.youtube.com/playlist?list=PLiF77JXzXd2AEL6lxYcB3nu3h_wGHFfQa&hl=es&gl=PE
https://www.youtube.com/playlist?list=PLiF77JXzXd2D8YUUJx_fKs5FyRDld9NZv&hl=es&gl=PE
https://www.youtube.com/playlist?list=PLiF77JXzXd2AZQuDO4SxQBSOgUlPV4-m4&hl=es&gl=PE
https://www.youtube.com/playlist?list=PLiF77JXzXd2Br8Wj7hh2AMulPDClsC2qj&hl=es&gl=PE
#TV Perú
https://www.youtube.com/playlist?list=PLtU1EVPSjC2Dbzc2BEty7TofBgdPQAZM8&hl=es&gl=PE
https://www.youtube.com/playlist?list=PL4984CCB737FE519E&hl=es&gl=PE
https://www.youtube.com/playlist?list=PLtU1EVPSjC2BjQ7BNAbNwgYumwFvXs8x8&hl=es&gl=PE
https://www.youtube.com/playlist?list=PL5927371D13561094&hl=es&gl=PE
https://www.youtube.com/playlist?list=PLtU1EVPSjC2BmMwamvMilCQfZ_cyXCOdl&hl=es&gl=PE
https://www.youtube.com/playlist?list=PLtU1EVPSjC2CfNT3oxX0VJytcqwCjXX-N&hl=es&gl=PE
https://www.youtube.com/playlist?list=PLtU1EVPSjC2AIDT0LKQyA_6z8a41aOtBp&hl=es&gl=PE
https://www.youtube.com/playlist?list=PLtU1EVPSjC2ATPWdsRKokE5EssAGsjd2w&hl=es&gl=PE
https://www.youtube.com/playlist?list=PLtU1EVPSjC2BO4F64KFAkzwHDxR3T5qJ6&hl=es&gl=PE
https://www.youtube.com/playlist?list=PLtU1EVPSjC2ARNJWtif122tCzi4V7fx_4&hl=es&gl=PE
https://www.youtube.com/playlist?list=PLtU1EVPSjC2Dwb7NNl-axtDWMkMq2IZIR&hl=es&gl=PE
https://www.youtube.com/playlist?list=PLtU1EVPSjC2CIDGaE1S87c_grcTsRyL4c&hl=es&gl=PE
https://www.youtube.com/playlist?list=PLtU1EVPSjC2BR_PCZVXA3WGjH2l0bqDaa&hl=es&gl=PE
https://www.youtube.com/playlist?list=PLtU1EVPSjC2AeQoEAP2cwuu3C5DhOt4GJ&hl=es&gl=PE
https://www.youtube.com/playlist?list=PLtU1EVPSjC2CjsTrjnOF8LprZJUSEWZRh&hl=es&gl=PE
https://www.youtube.com/playlist?list=PLtU1EVPSjC2CKfX6o6jVDHTrEoXZd1Dno&hl=es&gl=PE
https://www.youtube.com/playlist?list=PLtU1EVPSjC2D47rhLGiB4irmJd5VsUtHC&hl=es&gl=PE
https://www.youtube.com/playlist?list=PLtU1EVPSjC2AuMQN4rdptZJ0a0kQsxpqU&hl=es&gl=PE
https://www.youtube.com/playlist?list=PLtU1EVPSjC2BgsCB3PXa86gllxApfWL5r&hl=es&gl=PE
https://www.youtube.com/playlist?list=PLA52A2975530458C1&hl=es&gl=PE
#La Eduteca
https://www.youtube.com/playlist?list=PLD-2f-nig1ajeEuckkeJOxyp2MctiVQcC
https://www.youtube.com/playlist?list=PLD-2f-nig1ajD9pjWU-zpnAkudHqphTsE
https://www.youtube.com/playlist?list=PLD-2f-nig1ahbkIAyHARQyCsMc49_39dM
https://www.youtube.com/playlist?list=PL3BEF4668E8568186
https://www.youtube.com/playlist?list=PLD-2f-nig1agUFKznq6BCmff9o2KK6HV2
https://www.youtube.com/playlist?list=PLD-2f-nig1ajRb2magIcFtwAO5qefUXws
https://www.youtube.com/playlist?list=PLD-2f-nig1ajbh5Ek9mOET5dKFHFrO7Di
https://www.youtube.com/playlist?list=PLF457B8EA1B3039DB
https://www.youtube.com/playlist?list=PLD-2f-nig1ajk15N3oKyMA9qrZirbjhzF
https://www.youtube.com/playlist?list=PLD-2f-nig1agvwOGkHVIR-JVC2eYJuhEQ
https://www.youtube.com/playlist?list=PL19A8AA6AE74F22E8
#un Profesor
https://www.youtube.com/user/unprofesorcom/playlists?view=1&sort=dd&shelf_id=0
https://www.youtube.com/user/unprofesorcom/playlists?view=50&sort=dd&shelf_id=15
https://www.youtube.com/user/unprofesorcom/playlists?view=50&sort=dd&shelf_id=9
https://www.youtube.com/user/unprofesorcom/playlists?view=50&sort=dd&shelf_id=6
https://www.youtube.com/user/unprofesorcom/playlists?view=50&sort=dd&shelf_id=12
https://www.youtube.com/user/unprofesorcom/playlists?view=50&sort=dd&shelf_id=17
https://www.youtube.com/user/unprofesorcom/playlists?view=50&sort=dd&shelf_id=13
https://www.youtube.com/user/unprofesorcom/playlists?view=50&sort=dd&shelf_id=14
#Prepa Ceneval
https://www.youtube.com/channel/UCrozZ1zgy_TgoCGo5zVIM6g/videos
